\BOOKMARK [1][-]{section.1}{\376\377\000E\000i\000n\000l\000e\000i\000t\000u\000n\000g}{}% 1
\BOOKMARK [2][-]{subsection.1.1}{\376\377\000M\000o\000t\000i\000v\000a\000t\000i\000o\000n}{section.1}% 2
\BOOKMARK [2][-]{subsection.1.2}{\376\377\000Z\000i\000e\000l\000\040\000d\000e\000r\000\040\000P\000r\000o\000j\000e\000k\000t\000d\000o\000k\000u\000m\000e\000n\000t\000a\000t\000i\000o\000n}{section.1}% 3
\BOOKMARK [2][-]{subsection.1.3}{\376\377\000P\000r\000o\000j\000e\000k\000t\000b\000e\000t\000e\000i\000l\000i\000g\000t\000e}{section.1}% 4
\BOOKMARK [1][-]{section.2}{\376\377\000A\000u\000s\000g\000a\000n\000g\000s\000s\000i\000t\000u\000a\000t\000i\000o\000n\000\040\000\050\000I\000S\000T\000-\000A\000n\000a\000l\000y\000s\000e\000\051}{}% 5
\BOOKMARK [2][-]{subsection.2.1}{\376\377\000A\000k\000t\000u\000e\000l\000l\000e\000r\000\040\000P\000r\000o\000z\000e\000s\000s}{section.2}% 6
\BOOKMARK [2][-]{subsection.2.2}{\376\377\000P\000r\000o\000b\000l\000e\000m\000e\000\040\000d\000e\000s\000\040\000a\000k\000t\000u\000e\000l\000l\000e\000n\000\040\000P\000r\000o\000z\000e\000s\000s\000e\000s}{section.2}% 7
\BOOKMARK [2][-]{subsection.2.3}{\376\377\000S\000c\000h\000w\000a\000c\000h\000s\000t\000e\000l\000l\000e\000n\000a\000n\000a\000l\000y\000s\000e}{section.2}% 8
\BOOKMARK [1][-]{section.3}{\376\377\000P\000r\000o\000j\000e\000k\000t\000z\000i\000e\000l\000e}{}% 9
\BOOKMARK [2][-]{subsection.3.1}{\376\377\000F\000a\000c\000h\000l\000i\000c\000h\000e\000\040\000Z\000i\000e\000l\000e}{section.3}% 10
\BOOKMARK [2][-]{subsection.3.2}{\376\377\000T\000e\000c\000h\000n\000i\000s\000c\000h\000e\000\040\000Z\000i\000e\000l\000e}{section.3}% 11
\BOOKMARK [1][-]{section.4}{\376\377\000S\000O\000L\000L\000-\000K\000o\000n\000z\000e\000p\000t}{}% 12
\BOOKMARK [2][-]{subsection.4.1}{\376\377\000Z\000i\000e\000l\000p\000r\000o\000z\000e\000s\000s}{section.4}% 13
\BOOKMARK [2][-]{subsection.4.2}{\376\377\000B\000P\000M\000N\000-\000M\000o\000d\000e\000l\000l}{section.4}% 14
\BOOKMARK [2][-]{subsection.4.3}{\376\377\000A\000n\000f\000o\000r\000d\000e\000r\000u\000n\000g\000e\000n}{section.4}% 15
\BOOKMARK [1][-]{section.5}{\376\377\000S\000y\000s\000t\000e\000m\000a\000r\000c\000h\000i\000t\000e\000k\000t\000u\000r}{}% 16
\BOOKMARK [2][-]{subsection.5.1}{\376\377\000G\000e\000s\000a\000m\000t\000a\000r\000c\000h\000i\000t\000e\000k\000t\000u\000r}{section.5}% 17
\BOOKMARK [2][-]{subsection.5.2}{\376\377\000F\000r\000o\000n\000t\000e\000n\000d}{section.5}% 18
\BOOKMARK [2][-]{subsection.5.3}{\376\377\000B\000a\000c\000k\000e\000n\000d}{section.5}% 19
\BOOKMARK [2][-]{subsection.5.4}{\376\377\000W\000o\000r\000k\000f\000l\000o\000w\000\040\000E\000n\000g\000i\000n\000e}{section.5}% 20
\BOOKMARK [2][-]{subsection.5.5}{\376\377\000D\000a\000t\000e\000n\000b\000a\000n\000k}{section.5}% 21
\BOOKMARK [1][-]{section.6}{\376\377\000D\000a\000t\000e\000n\000m\000o\000d\000e\000l\000l}{}% 22
\BOOKMARK [2][-]{subsection.6.1}{\376\377\000E\000R\000-\000D\000i\000a\000g\000r\000a\000m\000m}{section.6}% 23
\BOOKMARK [2][-]{subsection.6.2}{\376\377\000W\000i\000c\000h\000t\000i\000g\000e\000\040\000E\000n\000t\000i\000t\000\344\000t\000e\000n}{section.6}% 24
\BOOKMARK [1][-]{section.7}{\376\377\000B\000e\000n\000u\000t\000z\000e\000r\000o\000b\000e\000r\000f\000l\000\344\000c\000h\000e}{}% 25
\BOOKMARK [2][-]{subsection.7.1}{\376\377\000\334\000b\000e\000r\000b\000l\000i\000c\000k}{section.7}% 26
\BOOKMARK [2][-]{subsection.7.2}{\376\377\000G\000e\000s\000t\000a\000l\000t\000u\000n\000g\000s\000z\000i\000e\000l\000e}{section.7}% 27
\BOOKMARK [2][-]{subsection.7.3}{\376\377\000N\000a\000v\000i\000g\000a\000t\000i\000o\000n\000s\000k\000o\000n\000z\000e\000p\000t}{section.7}% 28
\BOOKMARK [2][-]{subsection.7.4}{\376\377\000D\000a\000s\000h\000b\000o\000a\000r\000d}{section.7}% 29
\BOOKMARK [2][-]{subsection.7.5}{\376\377\000B\000e\000s\000t\000\344\000t\000i\000g\000u\000n\000g\000s\000s\000e\000i\000t\000e\000\040\000f\000\374\000r\000\040\000K\000u\000n\000d\000e\000n}{section.7}% 30
\BOOKMARK [2][-]{subsection.7.6}{\376\377\000D\000e\000t\000a\000i\000l\000a\000n\000s\000i\000c\000h\000t}{section.7}% 31
\BOOKMARK [2][-]{subsection.7.7}{\376\377\000F\000a\000h\000r\000e\000r\000k\000a\000r\000t\000e\000n\000a\000n\000s\000i\000c\000h\000t}{section.7}% 32
\BOOKMARK [2][-]{subsection.7.8}{\376\377\000S\000t\000a\000t\000u\000s\000-\000\040\000u\000n\000d\000\040\000F\000e\000h\000l\000e\000r\000m\000e\000l\000d\000u\000n\000g\000e\000n}{section.7}% 33
\BOOKMARK [1][-]{section.8}{\376\377\000T\000e\000s\000t\000\040\000u\000n\000d\000\040\000V\000a\000l\000i\000d\000i\000e\000r\000u\000n\000g}{}% 34
\BOOKMARK [2][-]{subsection.8.1}{\376\377\000T\000e\000s\000t\000s\000t\000r\000a\000t\000e\000g\000i\000e}{section.8}% 35
\BOOKMARK [2][-]{subsection.8.2}{\376\377\000T\000e\000s\000t\000f\000\344\000l\000l\000e}{section.8}% 36
\BOOKMARK [1][-]{section.9}{\376\377\000P\000r\000o\000j\000e\000k\000t\000p\000l\000a\000n}{}% 37
\BOOKMARK [2][-]{subsection.9.1}{\376\377\000P\000r\000o\000j\000e\000k\000t\000p\000h\000a\000s\000e\000n}{section.9}% 38
\BOOKMARK [2][-]{subsection.9.2}{\376\377\000P\000r\000o\000j\000e\000k\000t\000p\000l\000a\000n}{section.9}% 39
\BOOKMARK [1][-]{section.10}{\376\377\000P\000r\000o\000j\000e\000k\000t\000a\000u\000f\000w\000a\000n\000d}{}% 40
\BOOKMARK [2][-]{subsection.10.1}{\376\377\000A\000u\000f\000w\000a\000n\000d\000s\000b\000e\000w\000e\000r\000t\000u\000n\000g}{section.10}% 41
\BOOKMARK [1][-]{section.11}{\376\377\000V\000e\000r\000w\000e\000n\000d\000e\000t\000e\000\040\000T\000e\000c\000h\000n\000o\000l\000o\000g\000i\000e\000n}{}% 42
\BOOKMARK [1][-]{section.12}{\376\377\000E\000r\000g\000e\000b\000n\000i\000s\000s\000e}{}% 43
\BOOKMARK [1][-]{section.13}{\376\377\000R\000e\000f\000l\000e\000x\000i\000o\000n}{}% 44
\BOOKMARK [2][-]{subsection.13.1}{\376\377\000P\000o\000s\000i\000t\000i\000v\000e\000\040\000A\000s\000p\000e\000k\000t\000e}{section.13}% 45
\BOOKMARK [2][-]{subsection.13.2}{\376\377\000H\000e\000r\000a\000u\000s\000f\000o\000r\000d\000e\000r\000u\000n\000g\000e\000n}{section.13}% 46
\BOOKMARK [2][-]{subsection.13.3}{\376\377\000L\000e\000s\000s\000o\000n\000s\000\040\000L\000e\000a\000r\000n\000e\000d}{section.13}% 47
\BOOKMARK [1][-]{section.14}{\376\377\000F\000a\000z\000i\000t}{}% 48
\BOOKMARK [1][-]{section.15}{\376\377\000A\000u\000s\000b\000l\000i\000c\000k}{}% 49
\BOOKMARK [1][-]{section.16}{\376\377\000A\000n\000h\000a\000n\000g}{}% 50
\BOOKMARK [2][-]{subsection.16.1}{\376\377\000V\000e\000r\000w\000e\000n\000d\000e\000t\000e\000\040\000D\000o\000k\000u\000m\000e\000n\000t\000e}{section.16}% 51
