\BOOKMARK [1][-]{section.5}{\376\377\000B\000a\000c\000k\000e\000n\000d\000\040\000d\000e\000s\000\040\000A\000v\000i\000s\000i\000e\000r\000u\000n\000g\000s\000s\000e\000r\000v\000i\000c\000e\000\040\040\023\000\040\000K\000o\000n\000z\000e\000p\000t\000i\000o\000n\000\040\000u\000n\000d\000\040\000I\000m\000p\000l\000e\000m\000e\000n\000t\000i\000e\000r\000u\000n\000g}{}% 1
\BOOKMARK [2][-]{subsection.5.1}{\376\377\000A\000r\000c\000h\000i\000t\000e\000k\000t\000u\000r\000-\000\040\000u\000n\000d\000\040\000D\000o\000m\000\344\000n\000e\000n\000e\000n\000t\000w\000u\000r\000f}{section.5}% 2
\BOOKMARK [3][-]{subsubsection.5.1.1}{\376\377\000A\000r\000c\000h\000i\000t\000e\000k\000t\000u\000r\000p\000r\000i\000n\000z\000i\000p\000i\000e\000n\000,\000\040\000V\000e\000r\000a\000n\000t\000w\000o\000r\000t\000u\000n\000g\000s\000g\000r\000e\000n\000z\000e\000n\000\040\000u\000n\000d\000\040\000A\000b\000h\000\344\000n\000g\000i\000g\000k\000e\000i\000t\000s\000r\000i\000c\000h\000t\000u\000n\000g}{subsection.5.1}% 3
\BOOKMARK [3][-]{subsubsection.5.1.2}{\376\377\000D\000o\000m\000\344\000n\000e\000n\000-\000\040\000u\000n\000d\000\040\000Z\000u\000s\000t\000a\000n\000d\000s\000m\000o\000d\000e\000l\000l}{subsection.5.1}% 4
\BOOKMARK [3][-]{subsubsection.5.1.3}{\376\377\000P\000e\000r\000s\000i\000s\000t\000e\000n\000z\000m\000o\000d\000e\000l\000l\000\040\000u\000n\000d\000\040\000S\000c\000h\000e\000m\000a\000e\000n\000t\000w\000i\000c\000k\000l\000u\000n\000g}{subsection.5.1}% 5
\BOOKMARK [2][-]{subsection.5.2}{\376\377\000T\000e\000c\000h\000n\000i\000s\000c\000h\000e\000\040\000U\000m\000s\000e\000t\000z\000u\000n\000g\000\040\000d\000e\000s\000\040\000A\000v\000i\000s\000i\000e\000r\000u\000n\000g\000s\000-\000\040\000u\000n\000d\000\040\000R\000\374\000c\000k\000b\000e\000s\000t\000\344\000t\000i\000g\000u\000n\000g\000s\000p\000r\000o\000z\000e\000s\000s\000e\000s}{section.5}% 6
\BOOKMARK [3][-]{subsubsection.5.2.1}{\376\377\000\334\000b\000e\000r\000n\000a\000h\000m\000e\000\040\000v\000o\000n\000\040\000A\000v\000i\000s\000i\000e\000r\000u\000n\000g\000s\000a\000u\000f\000t\000r\000\344\000g\000e\000n\000,\000\040\000V\000a\000l\000i\000d\000i\000e\000r\000u\000n\000g\000\040\000u\000n\000d\000\040\000P\000r\000o\000z\000e\000s\000s\000s\000t\000a\000r\000t}{subsection.5.2}% 7
\BOOKMARK [3][-]{subsubsection.5.2.2}{\376\377\000D\000a\000u\000e\000r\000h\000a\000f\000t\000e\000\040\000W\000o\000r\000k\000f\000l\000o\000w\000-\000S\000t\000e\000u\000e\000r\000u\000n\000g\000\040\000m\000i\000t\000\040\000C\000a\000m\000u\000n\000d\000a}{subsection.5.2}% 8
\BOOKMARK [3][-]{subsubsection.5.2.3}{\376\377\000K\000u\000n\000d\000e\000n\000r\000e\000a\000k\000t\000i\000o\000n\000\040\000u\000n\000d\000\040\000F\000r\000i\000s\000t\000a\000b\000l\000a\000u\000f}{subsection.5.2}% 9
\BOOKMARK [3][-]{subsubsection.5.2.4}{\376\377\000E\000r\000n\000e\000u\000t\000e\000\040\000A\000v\000i\000s\000i\000e\000r\000u\000n\000g\000\040\000u\000n\000d\000\040\000A\000b\000l\000\366\000s\000u\000n\000g\000\040\000v\000e\000r\000a\000l\000t\000e\000t\000e\000r\000\040\000A\000n\000f\000r\000a\000g\000e\000n}{subsection.5.2}% 10
\BOOKMARK [3][-]{subsubsection.5.2.5}{\376\377\000S\000t\000a\000t\000u\000s\000r\000\374\000c\000k\000m\000e\000l\000d\000u\000n\000g\000\040\000a\000n\000\040\000D\000I\000S\000P\000O}{subsection.5.2}% 11
\BOOKMARK [3][-]{subsubsection.5.2.6}{\376\377\000F\000e\000h\000l\000e\000r\000b\000e\000h\000a\000n\000d\000l\000u\000n\000g\000,\000\040\000W\000i\000e\000d\000e\000r\000h\000o\000l\000u\000n\000g\000e\000n\000,\000\040\000N\000e\000b\000e\000n\000l\000\344\000u\000f\000i\000g\000k\000e\000i\000t\000\040\000u\000n\000d\000\040\000I\000d\000e\000m\000p\000o\000t\000e\000n\000z\000g\000r\000e\000n\000z\000e\000n}{subsection.5.2}% 12
\BOOKMARK [2][-]{subsection.5.3}{\376\377\000K\000a\000n\000a\000l\000u\000n\000a\000b\000h\000\344\000n\000g\000i\000g\000e\000\040\000K\000u\000n\000d\000e\000n\000k\000o\000m\000m\000u\000n\000i\000k\000a\000t\000i\000o\000n}{section.5}% 13
\BOOKMARK [3][-]{subsubsection.5.3.1}{\376\377\000K\000o\000m\000m\000u\000n\000i\000k\000a\000t\000i\000o\000n\000s\000a\000b\000s\000t\000r\000a\000k\000t\000i\000o\000n\000\040\000u\000n\000d\000\040\000K\000a\000n\000a\000l\000a\000u\000s\000w\000a\000h\000l}{subsection.5.3}% 14
\BOOKMARK [3][-]{subsubsection.5.3.2}{\376\377\000E\000-\000M\000a\000i\000l\000-\000V\000e\000r\000s\000a\000n\000d\000\040\000u\000n\000d\000\040\000m\000a\000n\000d\000a\000n\000t\000e\000n\000s\000p\000e\000z\000i\000f\000i\000s\000c\000h\000e\000\040\000S\000M\000T\000P\000-\000K\000o\000n\000f\000i\000g\000u\000r\000a\000t\000i\000o\000n}{subsection.5.3}% 15
\BOOKMARK [3][-]{subsubsection.5.3.3}{\376\377\000S\000M\000S\000\040\000u\000n\000d\000\040\000W\000h\000a\000t\000s\000A\000p\000p\000\040\000\374\000b\000e\000r\000\040\000T\000w\000i\000l\000i\000o\000:\000\040\000T\000e\000c\000h\000n\000o\000l\000o\000g\000i\000e\000a\000u\000s\000w\000a\000h\000l\000\040\000u\000n\000d\000\040\000I\000n\000t\000e\000g\000r\000a\000t\000i\000o\000n}{subsection.5.3}% 16
\BOOKMARK [2][-]{subsection.5.4}{\376\377\000M\000a\000n\000d\000a\000n\000t\000e\000n\000f\000\344\000h\000i\000g\000k\000e\000i\000t\000\040\000u\000n\000d\000\040\000S\000i\000c\000h\000e\000r\000h\000e\000i\000t\000s\000k\000o\000n\000z\000e\000p\000t}{section.5}% 17
\BOOKMARK [3][-]{subsubsection.5.4.1}{\376\377\000M\000a\000n\000d\000a\000n\000t\000e\000n\000k\000o\000n\000t\000e\000x\000t\000\040\000u\000n\000d\000\040\000D\000a\000t\000e\000n\000i\000s\000o\000l\000a\000t\000i\000o\000n}{subsection.5.4}% 18
\BOOKMARK [3][-]{subsubsection.5.4.2}{\376\377\000A\000u\000t\000h\000e\000n\000t\000i\000f\000i\000z\000i\000e\000r\000u\000n\000g\000\040\000d\000e\000r\000\040\000D\000I\000S\000P\000O\000-\000S\000c\000h\000n\000i\000t\000t\000s\000t\000e\000l\000l\000e}{subsection.5.4}% 19
\BOOKMARK [3][-]{subsubsection.5.4.3}{\376\377\000Z\000u\000g\000r\000i\000f\000f\000s\000s\000c\000h\000u\000t\000z\000\040\000d\000e\000s\000\040\000D\000a\000s\000h\000b\000o\000a\000r\000d\000s}{subsection.5.4}% 20
\BOOKMARK [3][-]{subsubsection.5.4.4}{\376\377\000T\000o\000k\000e\000n\000b\000a\000s\000i\000e\000r\000t\000e\000r\000\040\000K\000u\000n\000d\000e\000n\000z\000u\000g\000r\000i\000f\000f}{subsection.5.4}% 21
\BOOKMARK [3][-]{subsubsection.5.4.5}{\376\377\000S\000c\000h\000u\000t\000z\000\040\000s\000e\000n\000s\000i\000b\000l\000e\000r\000\040\000K\000o\000n\000f\000i\000g\000u\000r\000a\000t\000i\000o\000n\000s\000d\000a\000t\000e\000n}{subsection.5.4}% 22
\BOOKMARK [2][-]{subsection.5.5}{\376\377\000A\000b\000f\000r\000a\000g\000e\000m\000o\000d\000e\000l\000l\000\040\000f\000\374\000r\000\040\000d\000i\000e\000\040\000D\000i\000s\000p\000o\000s\000i\000t\000i\000o\000n}{section.5}% 23
\BOOKMARK [3][-]{subsubsection.5.5.1}{\376\377\000T\000o\000u\000r\000\374\000b\000e\000r\000s\000i\000c\000h\000t\000,\000\040\000d\000y\000n\000a\000m\000i\000s\000c\000h\000e\000\040\000F\000i\000l\000t\000e\000r\000u\000n\000g\000,\000\040\000G\000r\000u\000p\000p\000i\000e\000r\000u\000n\000g\000\040\000u\000n\000d\000\040\000P\000a\000g\000i\000n\000i\000e\000r\000u\000n\000g}{subsection.5.5}% 24
\BOOKMARK [3][-]{subsubsection.5.5.2}{\376\377\000A\000u\000f\000t\000r\000a\000g\000s\000d\000e\000t\000a\000i\000l\000s\000\040\000u\000n\000d\000\040\000A\000v\000i\000s\000i\000e\000r\000u\000n\000g\000s\000h\000i\000s\000t\000o\000r\000i\000e}{subsection.5.5}% 25
\BOOKMARK [2][-]{subsection.5.6}{\376\377\000L\000i\000e\000f\000e\000r\000v\000e\000r\000f\000o\000l\000g\000u\000n\000g\000\040\000u\000n\000d\000\040\000G\000e\000o\000c\000o\000d\000i\000n\000g}{section.5}% 26
\BOOKMARK [3][-]{subsubsection.5.6.1}{\376\377\000T\000r\000a\000c\000k\000i\000n\000g\000d\000a\000t\000e\000n\000\040\000u\000n\000d\000\040\000F\000a\000h\000r\000e\000r\000p\000o\000s\000i\000t\000i\000o\000n}{subsection.5.6}% 27
\BOOKMARK [3][-]{subsubsection.5.6.2}{\376\377\000Z\000i\000e\000l\000k\000o\000o\000r\000d\000i\000n\000a\000t\000e\000n\000\040\000u\000n\000d\000\040\000G\000e\000o\000c\000o\000d\000i\000n\000g}{subsection.5.6}% 28
\BOOKMARK [3][-]{subsubsection.5.6.3}{\376\377\000B\000e\000r\000e\000i\000t\000s\000t\000e\000l\000l\000u\000n\000g\000\040\000\374\000b\000e\000r\000\040\000d\000i\000e\000\040\000K\000u\000n\000d\000e\000n\000s\000c\000h\000n\000i\000t\000t\000s\000t\000e\000l\000l\000e}{subsection.5.6}% 29
\BOOKMARK [2][-]{subsection.5.7}{\376\377\000T\000e\000c\000h\000n\000i\000s\000c\000h\000e\000\040\000K\000o\000n\000f\000i\000g\000u\000r\000a\000t\000i\000o\000n\000\040\000u\000n\000d\000\040\000l\000o\000k\000a\000l\000e\000\040\000I\000n\000t\000e\000g\000r\000a\000t\000i\000o\000n\000s\000u\000m\000g\000e\000b\000u\000n\000g}{section.5}% 30
