\BOOKMARK [1][-]{section.1}{\376\377\000P\000u\000r\000p\000o\000s\000e}{}% 1
\BOOKMARK [1][-]{section.2}{\376\377\000S\000y\000s\000t\000e\000m\000\040\000B\000o\000u\000n\000d\000a\000r\000y}{}% 2
\BOOKMARK [2][-]{subsection.2.1}{\376\377\000D\000I\000S\000P\000O\000\040\000S\000y\000s\000t\000e\000m\000\040\000R\000e\000s\000p\000o\000n\000s\000i\000b\000i\000l\000i\000t\000i\000e\000s}{section.2}% 3
\BOOKMARK [2][-]{subsection.2.2}{\376\377\000B\000a\000c\000k\000e\000n\000d\000\040\000R\000e\000s\000p\000o\000n\000s\000i\000b\000i\000l\000i\000t\000i\000e\000s}{section.2}% 4
\BOOKMARK [1][-]{section.3}{\376\377\000P\000r\000o\000c\000e\000s\000s\000\040\000S\000t\000a\000r\000t}{}% 5
\BOOKMARK [1][-]{section.4}{\376\377\000R\000E\000S\000T\000\040\000E\000n\000d\000p\000o\000i\000n\000t}{}% 6
\BOOKMARK [2][-]{subsection.4.1}{\376\377\000C\000r\000e\000a\000t\000e\000\040\000C\000o\000n\000f\000i\000r\000m\000a\000t\000i\000o\000n\000\040\000R\000e\000q\000u\000e\000s\000t}{section.4}% 7
\BOOKMARK [1][-]{section.5}{\376\377\000R\000e\000q\000u\000e\000s\000t\000\040\000D\000T\000O}{}% 8
\BOOKMARK [2][-]{subsection.5.1}{\376\377\000R\000e\000q\000u\000e\000s\000t\000\040\000J\000S\000O\000N}{section.5}% 9
\BOOKMARK [2][-]{subsection.5.2}{\376\377\000F\000i\000e\000l\000d\000\040\000D\000e\000s\000c\000r\000i\000p\000t\000i\000o\000n}{section.5}% 10
\BOOKMARK [2][-]{subsection.5.3}{\376\377\000F\000i\000e\000l\000d\000s\000\040\000i\000n\000t\000e\000n\000t\000i\000o\000n\000a\000l\000l\000y\000\040\000e\000x\000c\000l\000u\000d\000e\000d\000\040\000i\000n\000\040\000v\0001}{section.5}% 11
\BOOKMARK [1][-]{section.6}{\376\377\000S\000u\000c\000c\000e\000s\000s\000\040\000R\000e\000s\000p\000o\000n\000s\000e}{}% 12
\BOOKMARK [2][-]{subsection.6.1}{\376\377\0002\0000\0001\000\040\000C\000r\000e\000a\000t\000e\000d}{section.6}% 13
\BOOKMARK [2][-]{subsection.6.2}{\376\377\000R\000e\000s\000p\000o\000n\000s\000e\000\040\000F\000i\000e\000l\000d\000s}{section.6}% 14
\BOOKMARK [2][-]{subsection.6.3}{\376\377\000I\000n\000t\000e\000r\000n\000a\000l\000\040\000F\000i\000e\000l\000d\000s\000\040\000n\000o\000t\000\040\000e\000x\000p\000o\000s\000e\000d\000\040\000i\000n\000\040\000v\0001}{section.6}% 15
\BOOKMARK [1][-]{section.7}{\376\377\000C\000o\000n\000f\000i\000r\000m\000a\000t\000i\000o\000n\000\040\000S\000t\000a\000t\000u\000s\000\040\000V\000a\000l\000u\000e\000s}{}% 16
\BOOKMARK [2][-]{subsection.7.1}{\376\377\000D\000e\000s\000i\000g\000n\000\040\000D\000e\000c\000i\000s\000i\000o\000n\000:\000\040\000N\000o\000\040\000c\000o\000n\000f\000i\000r\000m\000a\000t\000i\000o\000n\000R\000e\000q\000u\000e\000s\000t\000I\000d\000\040\000i\000n\000\040\000D\000I\000S\000P\000O\000\040\000A\000P\000I\000\040\000v\0001}{section.7}% 17
\BOOKMARK [1][-]{section.8}{\376\377\000V\000a\000l\000i\000d\000a\000t\000i\000o\000n\000\040\000R\000u\000l\000e\000s}{}% 18
\BOOKMARK [1][-]{section.9}{\376\377\000E\000r\000r\000o\000r\000\040\000R\000e\000s\000p\000o\000n\000s\000e\000s}{}% 19
\BOOKMARK [2][-]{subsection.9.1}{\376\377\000F\000i\000e\000l\000d\000s}{section.9}% 20
\BOOKMARK [2][-]{subsection.9.2}{\376\377\0004\0000\0000\000\040\000V\000a\000l\000i\000d\000a\000t\000i\000o\000n\000\040\000E\000r\000r\000o\000r}{section.9}% 21
\BOOKMARK [2][-]{subsection.9.3}{\376\377\0005\0000\0002\000\040\000E\000-\000M\000a\000i\000l\000\040\000S\000e\000n\000d\000i\000n\000g\000\040\000F\000a\000i\000l\000e\000d}{section.9}% 22
\BOOKMARK [2][-]{subsection.9.4}{\376\377\0005\0000\0000\000\040\000I\000n\000t\000e\000r\000n\000a\000l\000\040\000E\000r\000r\000o\000r}{section.9}% 23
\BOOKMARK [1][-]{section.10}{\376\377\000B\000u\000s\000i\000n\000e\000s\000s\000\040\000R\000u\000l\000e\000s}{}% 24
\BOOKMARK [1][-]{section.11}{\376\377\000D\000u\000p\000l\000i\000c\000a\000t\000e\000\040\000H\000a\000n\000d\000l\000i\000n\000g}{}% 25
\BOOKMARK [2][-]{subsection.11.1}{\376\377\000D\000u\000p\000l\000i\000c\000a\000t\000e\000\040\000w\000i\000t\000h\000\040\000u\000n\000c\000h\000a\000n\000g\000e\000d\000\040\000d\000a\000t\000a}{section.11}% 26
\BOOKMARK [2][-]{subsection.11.2}{\376\377\000C\000h\000a\000n\000g\000e\000d\000\040\000c\000o\000n\000f\000i\000r\000m\000a\000t\000i\000o\000n\000-\000r\000e\000l\000e\000v\000a\000n\000t\000\040\000d\000a\000t\000a}{section.11}% 27
\BOOKMARK [1][-]{section.12}{\376\377\000S\000e\000q\000u\000e\000n\000c\000e\000\040\000O\000v\000e\000r\000v\000i\000e\000w}{}% 28
\BOOKMARK [2][-]{subsection.12.1}{\376\377\000S\000u\000c\000c\000e\000s\000s\000f\000u\000l\000\040\000F\000l\000o\000w}{section.12}% 29
\BOOKMARK [2][-]{subsection.12.2}{\376\377\000F\000a\000i\000l\000e\000d\000\040\000E\000-\000M\000a\000i\000l\000\040\000F\000l\000o\000w}{section.12}% 30
\BOOKMARK [1][-]{section.13}{\376\377\000A\000s\000s\000u\000m\000p\000t\000i\000o\000n\000s}{}% 31
\BOOKMARK [1][-]{section.14}{\376\377\000O\000p\000e\000n\000\040\000Q\000u\000e\000s\000t\000i\000o\000n\000s}{}% 32
