\BOOKMARK [1][-]{section.1}{\376\377\000E\000i\000n\000l\000e\000i\000t\000u\000n\000g}{}% 1
\BOOKMARK [2][-]{subsection.1.1}{\376\377\000Z\000i\000e\000l\000\040\000d\000e\000s\000\040\000D\000o\000k\000u\000m\000e\000n\000t\000s}{section.1}% 2
\BOOKMARK [2][-]{subsection.1.2}{\376\377\000P\000r\000o\000j\000e\000k\000t\000\374\000b\000e\000r\000s\000i\000c\000h\000t}{section.1}% 3
\BOOKMARK [1][-]{section.2}{\376\377\000S\000y\000s\000t\000e\000m\000\374\000b\000e\000r\000s\000i\000c\000h\000t}{}% 4
\BOOKMARK [2][-]{subsection.2.1}{\376\377\000G\000e\000s\000a\000m\000t\000s\000y\000s\000t\000e\000m}{section.2}% 5
\BOOKMARK [2][-]{subsection.2.2}{\376\377\000S\000y\000s\000t\000e\000m\000k\000o\000n\000t\000e\000x\000t}{section.2}% 6
\BOOKMARK [2][-]{subsection.2.3}{\376\377\000S\000y\000s\000t\000e\000m\000a\000r\000c\000h\000i\000t\000e\000k\000t\000u\000r}{section.2}% 7
\BOOKMARK [1][-]{section.3}{\376\377\000P\000r\000o\000z\000e\000s\000s\000b\000e\000s\000c\000h\000r\000e\000i\000b\000u\000n\000g}{}% 8
\BOOKMARK [2][-]{subsection.3.1}{\376\377\000S\000o\000l\000l\000-\000P\000r\000o\000z\000e\000s\000s}{section.3}% 9
\BOOKMARK [2][-]{subsection.3.2}{\376\377\000A\000b\000l\000a\000u\000f\000b\000e\000s\000c\000h\000r\000e\000i\000b\000u\000n\000g}{section.3}% 10
\BOOKMARK [1][-]{section.4}{\376\377\000T\000e\000c\000h\000n\000i\000s\000c\000h\000e\000\040\000A\000r\000c\000h\000i\000t\000e\000k\000t\000u\000r}{}% 11
\BOOKMARK [2][-]{subsection.4.1}{\376\377\000T\000e\000c\000h\000n\000o\000l\000o\000g\000i\000e\000n}{section.4}% 12
\BOOKMARK [2][-]{subsection.4.2}{\376\377\000D\000e\000p\000l\000o\000y\000m\000e\000n\000t}{section.4}% 13
\BOOKMARK [1][-]{section.5}{\376\377\000R\000o\000l\000l\000e\000n\000\040\000u\000n\000d\000\040\000B\000e\000n\000u\000t\000z\000e\000r}{}% 14
\BOOKMARK [1][-]{section.6}{\376\377\000D\000a\000t\000e\000n\000m\000o\000d\000e\000l\000l}{}% 15
\BOOKMARK [2][-]{subsection.6.1}{\376\377\000\334\000b\000e\000r\000s\000i\000c\000h\000t}{section.6}% 16
\BOOKMARK [2][-]{subsection.6.2}{\376\377\000T\000a\000b\000e\000l\000l\000e\000n}{section.6}% 17
\BOOKMARK [1][-]{section.7}{\376\377\000F\000u\000n\000k\000t\000i\000o\000n\000s\000b\000e\000s\000c\000h\000r\000e\000i\000b\000u\000n\000g}{}% 18
\BOOKMARK [2][-]{subsection.7.1}{\376\377\000A\000u\000f\000t\000r\000a\000g\000s\000p\000r\000\374\000f\000u\000n\000g}{section.7}% 19
\BOOKMARK [2][-]{subsection.7.2}{\376\377\000T\000o\000u\000r\000p\000l\000a\000n\000u\000n\000g}{section.7}% 20
\BOOKMARK [2][-]{subsection.7.3}{\376\377\000B\000e\000n\000a\000c\000h\000r\000i\000c\000h\000t\000i\000g\000u\000n\000g}{section.7}% 21
\BOOKMARK [2][-]{subsection.7.4}{\376\377\000K\000u\000n\000d\000e\000n\000r\000e\000a\000k\000t\000i\000o\000n}{section.7}% 22
\BOOKMARK [2][-]{subsection.7.5}{\376\377\000A\000l\000t\000e\000r\000n\000a\000t\000i\000v\000e\000\040\000P\000l\000a\000n\000u\000n\000g}{section.7}% 23
\BOOKMARK [2][-]{subsection.7.6}{\376\377\000A\000b\000s\000c\000h\000l\000u\000s\000s}{section.7}% 24
\BOOKMARK [1][-]{section.8}{\376\377\000G\000e\000s\000c\000h\000\344\000f\000t\000s\000l\000o\000g\000i\000k}{}% 25
\BOOKMARK [1][-]{section.9}{\376\377\000S\000c\000h\000n\000i\000t\000t\000s\000t\000e\000l\000l\000e\000n}{}% 26
\BOOKMARK [2][-]{subsection.9.1}{\376\377\000I\000n\000t\000e\000r\000n\000e\000\040\000S\000c\000h\000n\000i\000t\000t\000s\000t\000e\000l\000l\000e\000n}{section.9}% 27
\BOOKMARK [2][-]{subsection.9.2}{\376\377\000E\000x\000t\000e\000r\000n\000e\000\040\000S\000c\000h\000n\000i\000t\000t\000s\000t\000e\000l\000l\000e\000n}{section.9}% 28
\BOOKMARK [1][-]{section.10}{\376\377\000B\000e\000n\000u\000t\000z\000e\000r\000o\000b\000e\000r\000f\000l\000\344\000c\000h\000e}{}% 29
\BOOKMARK [2][-]{subsection.10.1}{\376\377\000\334\000b\000e\000r\000s\000i\000c\000h\000t}{section.10}% 30
\BOOKMARK [2][-]{subsection.10.2}{\376\377\000W\000i\000c\000h\000t\000i\000g\000e\000\040\000S\000c\000r\000e\000e\000n\000s}{section.10}% 31
\BOOKMARK [1][-]{section.11}{\376\377\000N\000i\000c\000h\000t\000-\000f\000u\000n\000k\000t\000i\000o\000n\000a\000l\000e\000\040\000A\000n\000f\000o\000r\000d\000e\000r\000u\000n\000g\000e\000n}{}% 32
\BOOKMARK [1][-]{section.12}{\376\377\000T\000e\000s\000t\000k\000o\000n\000z\000e\000p\000t}{}% 33
\BOOKMARK [2][-]{subsection.12.1}{\376\377\000T\000e\000s\000t\000s\000t\000r\000a\000t\000e\000g\000i\000e}{section.12}% 34
\BOOKMARK [2][-]{subsection.12.2}{\376\377\000T\000e\000s\000t\000f\000\344\000l\000l\000e}{section.12}% 35
\BOOKMARK [1][-]{section.13}{\376\377\000A\000n\000h\000a\000n\000g}{}% 36
