\BOOKMARK [1][-]{section.1}{\376\377\000Z\000i\000e\000l\000\040\000d\000e\000r\000\040\000S\000o\000l\000l\000-\000L\000\366\000s\000u\000n\000g}{}% 1
\BOOKMARK [1][-]{section.2}{\376\377\000F\000a\000c\000h\000l\000i\000c\000h\000e\000\040\000A\000b\000g\000r\000e\000n\000z\000u\000n\000g}{}% 2
\BOOKMARK [1][-]{section.3}{\376\377\000Z\000e\000n\000t\000r\000a\000l\000e\000\040\000B\000e\000g\000r\000i\000f\000f\000e}{}% 3
\BOOKMARK [2][-]{subsection.3.1}{\376\377\000A\000u\000f\000t\000r\000a\000g}{section.3}% 4
\BOOKMARK [2][-]{subsection.3.2}{\376\377\000T\000o\000u\000r}{section.3}% 5
\BOOKMARK [2][-]{subsection.3.3}{\376\377\000R\000\374\000c\000k\000b\000e\000s\000t\000\344\000t\000i\000g\000u\000n\000g}{section.3}% 6
\BOOKMARK [1][-]{section.4}{\376\377\000G\000r\000u\000n\000d\000p\000r\000i\000n\000z\000i\000p\000\040\000d\000e\000s\000\040\000S\000o\000l\000l\000-\000P\000r\000o\000z\000e\000s\000s\000e\000s}{}% 7
\BOOKMARK [1][-]{section.5}{\376\377\000P\000r\000o\000z\000e\000s\000s\000a\000b\000l\000a\000u\000f\000\040\000i\000m\000\040\000D\000e\000t\000a\000i\000l}{}% 8
\BOOKMARK [2][-]{subsection.5.1}{\376\377\000S\000c\000h\000r\000i\000t\000t\000\040\0001\000:\000\040\000A\000u\000f\000t\000r\000a\000g\000\040\000l\000i\000e\000g\000t\000\040\000i\000m\000\040\000D\000I\000S\000P\000O\000-\000S\000y\000s\000t\000e\000m\000\040\000v\000o\000r}{section.5}% 9
\BOOKMARK [2][-]{subsection.5.2}{\376\377\000S\000c\000h\000r\000i\000t\000t\000\040\0002\000:\000\040\000D\000i\000s\000p\000o\000n\000e\000n\000t\000\040\000p\000l\000a\000n\000t\000\040\000T\000o\000u\000r\000\040\000v\000o\000r\000l\000\344\000u\000f\000i\000g}{section.5}% 10
\BOOKMARK [2][-]{subsection.5.3}{\376\377\000S\000c\000h\000r\000i\000t\000t\000\040\0003\000:\000\040\000D\000i\000s\000p\000o\000n\000e\000n\000t\000\040\000s\000t\000a\000r\000t\000e\000t\000\040\000R\000\374\000c\000k\000b\000e\000s\000t\000\344\000t\000i\000g\000u\000n\000g\000\040\000m\000a\000n\000u\000e\000l\000l}{section.5}% 11
\BOOKMARK [2][-]{subsection.5.4}{\376\377\000S\000c\000h\000r\000i\000t\000t\000\040\0004\000:\000\040\000S\000y\000s\000t\000e\000m\000\040\000v\000e\000r\000s\000e\000n\000d\000e\000t\000\040\000A\000n\000f\000r\000a\000g\000e}{section.5}% 12
\BOOKMARK [2][-]{subsection.5.5}{\376\377\000S\000c\000h\000r\000i\000t\000t\000\040\0005\000:\000\040\000A\000n\000f\000r\000a\000g\000e\000\040\000g\000i\000l\000t\000\040\000e\000r\000s\000t\000\040\000n\000a\000c\000h\000\040\000e\000r\000f\000o\000l\000g\000r\000e\000i\000c\000h\000e\000m\000\040\000V\000e\000r\000s\000a\000n\000d\000\040\000a\000l\000s\000\040\000v\000e\000r\000s\000e\000n\000d\000e\000t}{section.5}% 13
\BOOKMARK [1][-]{section.6}{\376\377\000I\000n\000h\000a\000l\000t\000\040\000d\000e\000r\000\040\000N\000a\000c\000h\000r\000i\000c\000h\000t\000\040\000a\000n\000\040\000d\000e\000n\000\040\000K\000u\000n\000d\000e\000n}{}% 14
\BOOKMARK [1][-]{section.7}{\376\377\000A\000n\000t\000w\000o\000r\000t\000m\000\366\000g\000l\000i\000c\000h\000k\000e\000i\000t\000e\000n\000\040\000d\000e\000s\000\040\000K\000u\000n\000d\000e\000n}{}% 15
\BOOKMARK [2][-]{subsection.7.1}{\376\377\000O\000p\000t\000i\000o\000n\000\040\0001\000:\000\040\000T\000e\000r\000m\000i\000n\000\040\000p\000a\000s\000s\000t}{section.7}% 16
\BOOKMARK [2][-]{subsection.7.2}{\376\377\000O\000p\000t\000i\000o\000n\000\040\0002\000:\000\040\000T\000e\000r\000m\000i\000n\000\040\000p\000a\000s\000s\000t\000\040\000n\000i\000c\000h\000t}{section.7}% 17
\BOOKMARK [2][-]{subsection.7.3}{\376\377\000O\000p\000t\000i\000o\000n\000a\000l\000e\000r\000\040\000K\000o\000m\000m\000e\000n\000t\000a\000r}{section.7}% 18
\BOOKMARK [1][-]{section.8}{\376\377\000A\000n\000t\000w\000o\000r\000t\000f\000r\000i\000s\000t}{}% 19
\BOOKMARK [1][-]{section.9}{\376\377\000G\000\374\000l\000t\000i\000g\000k\000e\000i\000t\000\040\000e\000i\000n\000e\000r\000\040\000A\000n\000t\000w\000o\000r\000t}{}% 20
\BOOKMARK [1][-]{section.10}{\376\377\000S\000p\000\344\000t\000e\000\040\000A\000n\000t\000w\000o\000r\000t\000\040\000d\000e\000s\000\040\000K\000u\000n\000d\000e\000n}{}% 21
\BOOKMARK [1][-]{section.11}{\376\377\000\304\000l\000t\000e\000r\000e\000\040\000o\000d\000e\000r\000\040\000\374\000b\000e\000r\000h\000o\000l\000t\000e\000\040\000A\000n\000f\000r\000a\000g\000e\000n}{}% 22
\BOOKMARK [1][-]{section.12}{\376\377\000\304\000n\000d\000e\000r\000u\000n\000g\000\040\000d\000e\000s\000\040\000L\000i\000e\000f\000e\000r\000f\000e\000n\000s\000t\000e\000r\000s\000\040\000n\000a\000c\000h\000\040\000V\000e\000r\000s\000a\000n\000d}{}% 23
\BOOKMARK [1][-]{section.13}{\376\377\000W\000i\000e\000d\000e\000r\000h\000o\000l\000t\000e\000\040\000A\000n\000f\000r\000a\000g\000e\000\040\000u\000n\000d\000\040\000R\000e\000m\000i\000n\000d\000e\000r}{}% 24
\BOOKMARK [2][-]{subsection.13.1}{\376\377\000M\000a\000n\000u\000e\000l\000l\000e\000\040\000W\000i\000e\000d\000e\000r\000h\000o\000l\000u\000n\000g}{section.13}% 25
\BOOKMARK [2][-]{subsection.13.2}{\376\377\000A\000u\000t\000o\000m\000a\000t\000i\000s\000c\000h\000e\000r\000\040\000R\000e\000m\000i\000n\000d\000e\000r}{section.13}% 26
\BOOKMARK [1][-]{section.14}{\376\377\000R\000\374\000c\000k\000b\000e\000s\000t\000\344\000t\000i\000g\000u\000n\000g\000s\000s\000t\000a\000t\000u\000s\000\040\000d\000e\000s\000\040\000A\000u\000f\000t\000r\000a\000g\000s}{}% 27
\BOOKMARK [1][-]{section.15}{\376\377\000B\000e\000d\000e\000u\000t\000u\000n\000g\000\040\000d\000e\000r\000\040\000R\000\374\000c\000k\000b\000e\000s\000t\000\344\000t\000i\000g\000u\000n\000g\000s\000s\000t\000a\000t\000u\000s}{}% 28
\BOOKMARK [2][-]{subsection.15.1}{\376\377\000O\000f\000f\000e\000n}{section.15}% 29
\BOOKMARK [2][-]{subsection.15.2}{\376\377\000V\000e\000r\000s\000e\000n\000d\000e\000t}{section.15}% 30
\BOOKMARK [2][-]{subsection.15.3}{\376\377\000B\000e\000s\000t\000\344\000t\000i\000g\000t}{section.15}% 31
\BOOKMARK [2][-]{subsection.15.4}{\376\377\000A\000b\000g\000e\000l\000e\000h\000n\000t}{section.15}% 32
\BOOKMARK [2][-]{subsection.15.5}{\376\377\000K\000e\000i\000n\000e\000\040\000R\000\374\000c\000k\000m\000e\000l\000d\000u\000n\000g}{section.15}% 33
\BOOKMARK [1][-]{section.16}{\376\377\000S\000t\000a\000t\000u\000s\000\374\000b\000e\000r\000g\000\344\000n\000g\000e}{}% 34
\BOOKMARK [2][-]{subsection.16.1}{\376\377\000N\000o\000r\000m\000a\000l\000f\000a\000l\000l\000:\000\040\000K\000u\000n\000d\000e\000\040\000b\000e\000s\000t\000\344\000t\000i\000g\000t}{section.16}% 35
\BOOKMARK [2][-]{subsection.16.2}{\376\377\000K\000u\000n\000d\000e\000\040\000l\000e\000h\000n\000t\000\040\000a\000b}{section.16}% 36
\BOOKMARK [2][-]{subsection.16.3}{\376\377\000K\000u\000n\000d\000e\000\040\000a\000n\000t\000w\000o\000r\000t\000e\000t\000\040\000n\000i\000c\000h\000t}{section.16}% 37
\BOOKMARK [2][-]{subsection.16.4}{\376\377\000N\000e\000u\000e\000s\000\040\000L\000i\000e\000f\000e\000r\000f\000e\000n\000s\000t\000e\000r\000\040\000n\000a\000c\000h\000\040\000A\000b\000l\000e\000h\000n\000u\000n\000g\000\040\000o\000d\000e\000r\000\040\000k\000e\000i\000n\000e\000r\000\040\000R\000\374\000c\000k\000m\000e\000l\000d\000u\000n\000g}{section.16}% 38
\BOOKMARK [2][-]{subsection.16.5}{\376\377\000T\000e\000l\000e\000f\000o\000n\000i\000s\000c\000h\000e\000\040\000K\000l\000\344\000r\000u\000n\000g\000\040\000d\000u\000r\000c\000h\000\040\000D\000i\000s\000p\000o\000n\000e\000n\000t}{section.16}% 39
\BOOKMARK [2][-]{subsection.16.6}{\376\377\000V\000e\000r\000s\000c\000h\000i\000e\000b\000u\000n\000g\000\040\000d\000e\000s\000\040\000A\000u\000f\000t\000r\000a\000g\000s}{section.16}% 40
\BOOKMARK [1][-]{section.17}{\376\377\000W\000a\000r\000u\000m\000\040\000e\000s\000\040\000k\000e\000i\000n\000e\000n\000\040\000S\000t\000a\000t\000u\000s\000\040\040\036\000m\000a\000n\000u\000e\000l\000l\000e\000\040\000B\000e\000a\000r\000b\000e\000i\000t\000u\000n\000g\040\034\000\040\000g\000i\000b\000t}{}% 41
\BOOKMARK [1][-]{section.18}{\376\377\000W\000a\000r\000u\000m\000\040\040\036\000f\000i\000n\000a\000l\000\040\000g\000e\000p\000l\000a\000n\000t\040\034\000\040\000k\000e\000i\000n\000\040\000R\000\374\000c\000k\000b\000e\000s\000t\000\344\000t\000i\000g\000u\000n\000g\000s\000s\000t\000a\000t\000u\000s\000\040\000i\000s\000t}{}% 42
\BOOKMARK [1][-]{section.19}{\376\377\000P\000l\000a\000n\000u\000n\000g\000s\000s\000t\000a\000t\000u\000s\000\040\000d\000e\000r\000\040\000T\000o\000u\000r}{}% 43
\BOOKMARK [2][-]{subsection.19.1}{\376\377\000V\000o\000r\000l\000\344\000u\000f\000i\000g\000\040\000g\000e\000p\000l\000a\000n\000t}{section.19}% 44
\BOOKMARK [2][-]{subsection.19.2}{\376\377\000F\000r\000e\000i\000g\000a\000b\000e\000b\000e\000r\000e\000i\000t}{section.19}% 45
\BOOKMARK [2][-]{subsection.19.3}{\376\377\000F\000i\000n\000a\000l\000\040\000g\000e\000p\000l\000a\000n\000t}{section.19}% 46
\BOOKMARK [1][-]{section.20}{\376\377\000A\000r\000b\000e\000i\000t\000s\000l\000i\000s\000t\000e\000\040\000f\000\374\000r\000\040\000p\000r\000o\000b\000l\000e\000m\000a\000t\000i\000s\000c\000h\000e\000\040\000A\000u\000f\000t\000r\000\344\000g\000e}{}% 47
\BOOKMARK [1][-]{section.21}{\376\377\000H\000a\000n\000d\000l\000u\000n\000g\000s\000m\000\366\000g\000l\000i\000c\000h\000k\000e\000i\000t\000e\000n\000\040\000d\000e\000s\000\040\000D\000i\000s\000p\000o\000n\000e\000n\000t\000e\000n\000\040\000b\000e\000i\000\040\000P\000r\000o\000b\000l\000e\000m\000f\000\344\000l\000l\000e\000n}{}% 48
\BOOKMARK [2][-]{subsection.21.1}{\376\377\000M\000\366\000g\000l\000i\000c\000h\000k\000e\000i\000t\000\040\0001\000:\000\040\000N\000e\000u\000e\000s\000\040\000L\000i\000e\000f\000e\000r\000f\000e\000n\000s\000t\000e\000r\000\040\000s\000e\000n\000d\000e\000n}{section.21}% 49
\BOOKMARK [2][-]{subsection.21.2}{\376\377\000M\000\366\000g\000l\000i\000c\000h\000k\000e\000i\000t\000\040\0002\000:\000\040\000T\000e\000l\000e\000f\000o\000n\000i\000s\000c\000h\000\040\000k\000l\000\344\000r\000e\000n}{section.21}% 50
\BOOKMARK [2][-]{subsection.21.3}{\376\377\000M\000\366\000g\000l\000i\000c\000h\000k\000e\000i\000t\000\040\0003\000:\000\040\000A\000u\000f\000t\000r\000a\000g\000\040\000v\000e\000r\000s\000c\000h\000i\000e\000b\000e\000n}{section.21}% 51
\BOOKMARK [1][-]{section.22}{\376\377\000U\000m\000g\000a\000n\000g\000\040\000m\000i\000t\000\040\000f\000e\000h\000l\000e\000n\000d\000e\000r\000\040\000E\000-\000M\000a\000i\000l\000-\000A\000d\000r\000e\000s\000s\000e}{}% 52
\BOOKMARK [1][-]{section.23}{\376\377\000T\000e\000c\000h\000n\000i\000s\000c\000h\000e\000r\000\040\000V\000e\000r\000s\000a\000n\000d\000f\000e\000h\000l\000e\000r}{}% 53
\BOOKMARK [1][-]{section.24}{\376\377\000F\000e\000h\000l\000e\000r\000h\000a\000f\000t\000e\000\040\000K\000u\000n\000d\000e\000n\000e\000i\000n\000g\000a\000b\000e}{}% 54
\BOOKMARK [1][-]{section.25}{\376\377\000K\000e\000i\000n\000e\000\040\000a\000u\000t\000o\000m\000a\000t\000i\000s\000c\000h\000e\000\040\000N\000e\000u\000p\000l\000a\000n\000u\000n\000g}{}% 55
\BOOKMARK [1][-]{section.26}{\376\377\000S\000i\000c\000h\000t\000\040\000d\000e\000s\000\040\000D\000i\000s\000p\000o\000n\000e\000n\000t\000e\000n}{}% 56
\BOOKMARK [2][-]{subsection.26.1}{\376\377\000A\000u\000f\000t\000r\000a\000g\000s\000s\000i\000c\000h\000t}{section.26}% 57
\BOOKMARK [2][-]{subsection.26.2}{\376\377\000T\000o\000u\000r\000\374\000b\000e\000r\000s\000i\000c\000h\000t}{section.26}% 58
\BOOKMARK [2][-]{subsection.26.3}{\376\377\000A\000r\000b\000e\000i\000t\000s\000l\000i\000s\000t\000e}{section.26}% 59
\BOOKMARK [1][-]{section.27}{\376\377\000U\000I\000-\000K\000o\000n\000z\000e\000p\000t\000\040\000m\000i\000t\000\040\000L\000K\000W\000-\000\040\000u\000n\000d\000\040\000T\000a\000n\000k\000v\000i\000s\000u\000a\000l\000i\000s\000i\000e\000r\000u\000n\000g}{}% 60
\BOOKMARK [1][-]{section.28}{\376\377\000T\000o\000u\000r\000f\000r\000e\000i\000g\000a\000b\000e}{}% 61
\BOOKMARK [1][-]{section.29}{\376\377\000D\000a\000t\000e\000n\000s\000c\000h\000u\000t\000z\000\040\000u\000n\000d\000\040\000I\000n\000f\000o\000r\000m\000a\000t\000i\000o\000n\000s\000b\000e\000g\000r\000e\000n\000z\000u\000n\000g}{}% 62
\BOOKMARK [1][-]{section.30}{\376\377\000N\000a\000c\000h\000v\000o\000l\000l\000z\000i\000e\000h\000b\000a\000r\000k\000e\000i\000t}{}% 63
\BOOKMARK [1][-]{section.31}{\376\377\000F\000a\000c\000h\000l\000i\000c\000h\000e\000\040\000R\000e\000g\000e\000l\000n\000\040\000z\000u\000s\000a\000m\000m\000e\000n\000g\000e\000f\000a\000s\000s\000t}{}% 64
\BOOKMARK [1][-]{section.32}{\376\377\000K\000u\000r\000z\000b\000e\000s\000c\000h\000r\000e\000i\000b\000u\000n\000g\000\040\000f\000\374\000r\000\040\000P\000r\000\344\000s\000e\000n\000t\000a\000t\000i\000o\000n}{}% 65
\BOOKMARK [1][-]{section.33}{\376\377\000S\000e\000h\000r\000\040\000k\000u\000r\000z\000e\000\040\000K\000e\000r\000n\000f\000o\000r\000m\000u\000l\000i\000e\000r\000u\000n\000g}{}% 66
