\BOOKMARK [1][-]{section.1}{\376\377\000E\000i\000n\000l\000e\000i\000t\000u\000n\000g}{}% 1
\BOOKMARK [2][-]{subsection.1.1}{\376\377\000P\000r\000o\000j\000e\000k\000t\000b\000e\000s\000c\000h\000r\000e\000i\000b\000u\000n\000g}{section.1}% 2
\BOOKMARK [2][-]{subsection.1.2}{\376\377\000Z\000i\000e\000l\000\040\000d\000e\000r\000\040\000E\000r\000g\000e\000b\000n\000i\000s\000d\000o\000k\000u\000m\000e\000n\000t\000a\000t\000i\000o\000n}{section.1}% 3
\BOOKMARK [1][-]{section.2}{\376\377\000A\000u\000s\000g\000a\000n\000g\000s\000s\000i\000t\000u\000a\000t\000i\000o\000n}{}% 4
\BOOKMARK [2][-]{subsection.2.1}{\376\377\000I\000S\000T\000-\000S\000i\000t\000u\000a\000t\000i\000o\000n}{section.2}% 5
\BOOKMARK [2][-]{subsection.2.2}{\376\377\000F\000a\000c\000h\000l\000i\000c\000h\000e\000r\000\040\000K\000o\000n\000t\000e\000x\000t}{section.2}% 6
\BOOKMARK [2][-]{subsection.2.3}{\376\377\000I\000d\000e\000n\000t\000i\000f\000i\000z\000i\000e\000r\000t\000e\000\040\000P\000r\000o\000b\000l\000e\000m\000e}{section.2}% 7
\BOOKMARK [1][-]{section.3}{\376\377\000E\000r\000g\000e\000b\000n\000i\000s\000z\000i\000e\000l\000e}{}% 8
\BOOKMARK [2][-]{subsection.3.1}{\376\377\000F\000a\000c\000h\000l\000i\000c\000h\000e\000\040\000Z\000i\000e\000l\000e}{section.3}% 9
\BOOKMARK [2][-]{subsection.3.2}{\376\377\000T\000e\000c\000h\000n\000i\000s\000c\000h\000e\000\040\000Z\000i\000e\000l\000e}{section.3}% 10
\BOOKMARK [2][-]{subsection.3.3}{\376\377\000A\000b\000g\000r\000e\000n\000z\000u\000n\000g}{section.3}% 11
\BOOKMARK [1][-]{section.4}{\376\377\000U\000m\000s\000e\000t\000z\000u\000n\000g}{}% 12
\BOOKMARK [2][-]{subsection.4.1}{\376\377\000S\000y\000s\000t\000e\000m\000\374\000b\000e\000r\000s\000i\000c\000h\000t}{section.4}% 13
\BOOKMARK [2][-]{subsection.4.2}{\376\377\000P\000r\000o\000z\000e\000s\000s\000a\000b\000l\000a\000u\000f}{section.4}% 14
\BOOKMARK [1][-]{section.5}{\376\377\000E\000r\000z\000i\000e\000l\000t\000e\000\040\000E\000r\000g\000e\000b\000n\000i\000s\000s\000e}{}% 15
\BOOKMARK [2][-]{subsection.5.1}{\376\377\000E\000r\000r\000e\000i\000c\000h\000t\000e\000\040\000F\000u\000n\000k\000t\000i\000o\000n\000e\000n}{section.5}% 16
\BOOKMARK [2][-]{subsection.5.2}{\376\377\000V\000a\000l\000i\000d\000i\000e\000r\000u\000n\000g}{section.5}% 17
\BOOKMARK [2][-]{subsection.5.3}{\376\377\000A\000b\000g\000l\000e\000i\000c\000h\000\040\000m\000i\000t\000\040\000d\000e\000n\000\040\000E\000r\000g\000e\000b\000n\000i\000s\000z\000i\000e\000l\000e\000n}{section.5}% 18
\BOOKMARK [1][-]{section.6}{\376\377\000A\000u\000s\000b\000l\000i\000c\000k}{}% 19
\BOOKMARK [1][-]{section.7}{\376\377\000E\000r\000f\000a\000h\000r\000u\000n\000g\000e\000n\000\040\000u\000n\000d\000\040\000E\000r\000k\000e\000n\000n\000t\000n\000i\000s\000s\000e}{}% 20
\BOOKMARK [1][-]{section.8}{\376\377\000F\000a\000z\000i\000t}{}% 21
